\BOOKMARK [1][-]{section.1}{\376\377\000I\000n\000t\000r\000o\000d\000u\000c\000t\000i\000o\000n}{}% 1
\BOOKMARK [2][-]{subsection.1.1}{\376\377\000D\000a\000t\000a}{section.1}% 2
\BOOKMARK [2][-]{subsection.1.2}{\376\377\000D\000e\000t\000e\000r\000m\000i\000n\000i\000s\000m}{section.1}% 3
\BOOKMARK [2][-]{subsection.1.3}{\376\377\000M\000e\000t\000h\000o\000d\000o\000l\000o\000g\000y}{section.1}% 4
\BOOKMARK [1][-]{section.2}{\376\377\000M\000L\000P\000\040\000I\000m\000p\000l\000e\000m\000e\000n\000t\000a\000t\000i\000o\000n}{}% 5
\BOOKMARK [1][-]{section.3}{\376\377\000E\000x\000p\000e\000r\000i\000m\000e\000n\000t\000s}{}% 6
\BOOKMARK [2][-]{subsection.3.1}{\376\377\000A\000c\000t\000i\000v\000a\000t\000i\000o\000n\000\040\000F\000u\000n\000c\000t\000i\000o\000n\000s}{section.3}% 7
\BOOKMARK [3][-]{subsubsection.3.1.1}{\376\377\000R\000e\000L\000U}{subsection.3.1}% 8
\BOOKMARK [3][-]{subsubsection.3.1.2}{\376\377\000L\000e\000a\000k\000y\000R\000e\000L\000U}{subsection.3.1}% 9
\BOOKMARK [3][-]{subsubsection.3.1.3}{\376\377\000T\000a\000n\000h}{subsection.3.1}% 10
\BOOKMARK [3][-]{subsubsection.3.1.4}{\376\377\000S\000i\000g\000m\000o\000i\000d}{subsection.3.1}% 11
\BOOKMARK [2][-]{subsection.3.2}{\376\377\000O\000p\000t\000i\000m\000i\000z\000e\000r\000s\000\040\000E\000x\000p\000e\000r\000i\000m\000e\000n\000t\000s}{section.3}% 12
\BOOKMARK [3][-]{subsubsection.3.2.1}{\376\377\000S\000G\000D\000\040\000\050\000n\000o\000\040\000m\000o\000m\000e\000n\000t\000u\000m\000\051}{subsection.3.2}% 13
\BOOKMARK [3][-]{subsubsection.3.2.2}{\376\377\000S\000G\000D\000\040\000\050\0000\000.\0009\000\040\000m\000o\000m\000e\000n\000t\000u\000m\000\051}{subsection.3.2}% 14
\BOOKMARK [3][-]{subsubsection.3.2.3}{\376\377\000R\000M\000S\000p\000r\000o\000p}{subsection.3.2}% 15
\BOOKMARK [3][-]{subsubsection.3.2.4}{\376\377\000L\000e\000a\000r\000n\000i\000n\000g\000\040\000r\000a\000t\000e\000\040\000e\000f\000f\000e\000c\000t\000s}{subsection.3.2}% 16
\BOOKMARK [2][-]{subsection.3.3}{\376\377\000D\000e\000p\000t\000h\000\040\000E\000x\000p\000e\000r\000i\000m\000e\000n\000t\000s}{section.3}% 17
\BOOKMARK [3][-]{subsubsection.3.3.1}{\376\377\000S\000h\000a\000l\000l\000o\000w}{subsection.3.3}% 18
\BOOKMARK [3][-]{subsubsection.3.3.2}{\376\377\000M\000e\000d\000i\000u\000m}{subsection.3.3}% 19
\BOOKMARK [3][-]{subsubsection.3.3.3}{\376\377\000D\000e\000e\000p}{subsection.3.3}% 20
\BOOKMARK [2][-]{subsection.3.4}{\376\377\000R\000e\000g\000u\000l\000a\000r\000i\000z\000a\000t\000i\000o\000n\000\040\000E\000x\000p\000e\000r\000i\000m\000e\000n\000t\000s}{section.3}% 21
\BOOKMARK [3][-]{subsubsection.3.4.1}{\376\377\000D\000r\000o\000p\000o\000u\000t\000\040}{subsection.3.4}% 22
\BOOKMARK [3][-]{subsubsection.3.4.2}{\376\377\000W\000e\000i\000g\000h\000t\000\040\000D\000e\000c\000a\000y}{subsection.3.4}% 23
\BOOKMARK [2][-]{subsection.3.5}{\376\377\000S\000c\000h\000e\000d\000u\000l\000i\000n\000g\000\040\000E\000x\000p\000e\000r\000i\000m\000e\000n\000t\000s}{section.3}% 24
\BOOKMARK [3][-]{subsubsection.3.5.1}{\376\377\000S\000t\000e\000p\000L\000R}{subsection.3.5}% 25
\BOOKMARK [3][-]{subsubsection.3.5.2}{\376\377\000C\000o\000s\000i\000n\000e\000A\000n\000n\000e\000a\000l\000i\000n\000g\000L\000R}{subsection.3.5}% 26
\BOOKMARK [2][-]{subsection.3.6}{\376\377\000A\000l\000t\000e\000r\000n\000a\000t\000i\000v\000e\000\040\000L\000o\000s\000s\000\040\000F\000u\000n\000c\000t\000i\000o\000n\000s}{section.3}% 27
\BOOKMARK [3][-]{subsubsection.3.6.1}{\376\377\000M\000S\000E}{subsection.3.6}% 28
\BOOKMARK [3][-]{subsubsection.3.6.2}{\376\377\000N\000L\000L}{subsection.3.6}% 29
\BOOKMARK [1][-]{section.4}{\376\377\000C\000o\000m\000p\000a\000r\000i\000s\000o\000n\000s}{}% 30
